additional plugins config:
  1: |
    |-
      kubernetes:4219.v40ff98cfb_d6f
      workflow-aggregator:596.v8c21c963d92d
      git:5.2.2
      configuration-as-code:1807.v0175eda_00a_20
      kubernetes-credentials-provider
default config:
  1: |
    |-
      kubernetes:4219.v40ff98cfb_d6f
      workflow-aggregator:596.v8c21c963d92d
      git:5.2.2
      configuration-as-code:1807.v0175eda_00a_20
